
Memory Configuration

Name             Origin             Length             Attributes
RAM              0x0000000010000000 0x0000000000001000 xrw
*default*        0x0000000000000000 0xffffffffffffffff

Linker script and memory map


.text           0x0000000010000000      0x2e8
 *(.text.entry)
 .text.entry    0x0000000010000000      0x2e0 start.o
                0x0000000010000000                _start
                0x0000000010000274                _irq_enable
                0x0000000010000298                _irq_disable
                0x00000000100002b0                _irq_setmask
 *(.text._start)
 *(.text*)
 .text          0x00000000100002e0        0x4 irq.o
                0x00000000100002e0                irq_handle
 .text          0x00000000100002e4        0x0 start.o
 .text          0x00000000100002e4        0x0 main.o
 .text.startup  0x00000000100002e4        0x4 main.o
                0x00000000100002e4                main
                0x00000000100002e8                . = ALIGN (0x4)

.rela.dyn       0x00000000100002e8        0x0
 .rela.text.entry
                0x00000000100002e8        0x0 start.o

.data           0x00000000100002e8        0x0
 *(.data)
 .data          0x00000000100002e8        0x0 irq.o
 .data          0x00000000100002e8        0x0 start.o
 .data          0x00000000100002e8        0x0 main.o
                0x00000000100002e8                . = ALIGN (0x4)

.bss            0x00000000100002e8      0x48c
 *(.bss)
 .bss           0x00000000100002e8        0x0 irq.o
 .bss           0x00000000100002e8      0x48c start.o
                0x0000000010000768                _irq_pending
                0x000000001000076c                _irq_mask
                0x0000000010000770                _irq_enabled
 .bss           0x0000000010000774        0x0 main.o
                0x0000000010000774                . = ALIGN (0x4)
                0x0000000010001000                _stack_top = (ORIGIN (RAM) + LENGTH (RAM))
LOAD irq.o
LOAD start.o
LOAD main.o
LOAD /opt/riscv32i/lib/gcc/riscv32-unknown-elf/8.2.0/libgcc.a
OUTPUT(picorv32.elf elf32-littleriscv)

.comment        0x0000000000000000       0x11
 .comment       0x0000000000000000       0x11 irq.o
                                         0x12 (size before relaxing)
 .comment       0x0000000000000011       0x12 main.o
